../Core/Src/main.c:118:6:Password_Check	4	static
../Core/Src/main.c:134:6:Notifications	8	static
../Core/Src/main.c:202:6:Set_Password	8	static
../Core/Src/main.c:278:6:Display_Handler	8	static
../Core/Src/main.c:361:14:CompareUID	24	static
../Core/Src/main.c:373:14:IsSlaveCard	24	static
../Core/Src/main.c:385:13:AddSlaveCard	32	static
../Core/Src/main.c:411:13:RFID_ProcessCard	24	static
../Core/Src/main.c:526:13:Tone	16	static
../Core/Src/main.c:533:13:noTone	4	static
../Core/Src/main.c:543:5:main	8	static
../Core/Src/main.c:639:6:SystemClock_Config	72	static
../Core/Src/main.c:679:13:MX_I2C1_Init	8	static
../Core/Src/main.c:713:13:MX_SPI2_Init	8	static
../Core/Src/main.c:751:13:MX_TIM1_Init	96	static
../Core/Src/main.c:826:13:MX_TIM2_Init	64	static
../Core/Src/main.c:889:13:MX_GPIO_Init	40	static
../Core/Src/main.c:945:6:Error_Handler	4	static,ignoring_inline_asm
