Archive member included to satisfy reference by file (symbol)

C:/ST/STM32CubeIDE_1.18.1/STM32CubeIDE/plugins/com.st.stm32cube.ide.mcu.externaltools.gnu-tools-for-stm32.13.3.rel1.win32_1.0.0.202411081344/tools/bin/../lib/gcc/arm-none-eabi/13.3.1/../../../../arm-none-eabi/lib/thumb/v7-m/nofp\libc_nano.a(libc_a-exit.o)
                              C:/ST/STM32CubeIDE_1.18.1/STM32CubeIDE/plugins/com.st.stm32cube.ide.mcu.externaltools.gnu-tools-for-stm32.13.3.rel1.win32_1.0.0.202411081344/tools/bin/../lib/gcc/arm-none-eabi/13.3.1/../../../../arm-none-eabi/lib/thumb/v7-m/nofp/crt0.o (exit)
C:/ST/STM32CubeIDE_1.18.1/STM32CubeIDE/plugins/com.st.stm32cube.ide.mcu.externaltools.gnu-tools-for-stm32.13.3.rel1.win32_1.0.0.202411081344/tools/bin/../lib/gcc/arm-none-eabi/13.3.1/../../../../arm-none-eabi/lib/thumb/v7-m/nofp\libc_nano.a(libc_a-findfp.o)
                              C:/ST/STM32CubeIDE_1.18.1/STM32CubeIDE/plugins/com.st.stm32cube.ide.mcu.externaltools.gnu-tools-for-stm32.13.3.rel1.win32_1.0.0.202411081344/tools/bin/../lib/gcc/arm-none-eabi/13.3.1/../../../../arm-none-eabi/lib/thumb/v7-m/nofp\libc_nano.a(libc_a-exit.o) (__stdio_exit_handler)
C:/ST/STM32CubeIDE_1.18.1/STM32CubeIDE/plugins/com.st.stm32cube.ide.mcu.externaltools.gnu-tools-for-stm32.13.3.rel1.win32_1.0.0.202411081344/tools/bin/../lib/gcc/arm-none-eabi/13.3.1/../../../../arm-none-eabi/lib/thumb/v7-m/nofp\libc_nano.a(libc_a-fwalk.o)
                              C:/ST/STM32CubeIDE_1.18.1/STM32CubeIDE/plugins/com.st.stm32cube.ide.mcu.externaltools.gnu-tools-for-stm32.13.3.rel1.win32_1.0.0.202411081344/tools/bin/../lib/gcc/arm-none-eabi/13.3.1/../../../../arm-none-eabi/lib/thumb/v7-m/nofp\libc_nano.a(libc_a-findfp.o) (_fwalk_sglue)
C:/ST/STM32CubeIDE_1.18.1/STM32CubeIDE/plugins/com.st.stm32cube.ide.mcu.externaltools.gnu-tools-for-stm32.13.3.rel1.win32_1.0.0.202411081344/tools/bin/../lib/gcc/arm-none-eabi/13.3.1/../../../../arm-none-eabi/lib/thumb/v7-m/nofp\libc_nano.a(libc_a-stdio.o)
                              C:/ST/STM32CubeIDE_1.18.1/STM32CubeIDE/plugins/com.st.stm32cube.ide.mcu.externaltools.gnu-tools-for-stm32.13.3.rel1.win32_1.0.0.202411081344/tools/bin/../lib/gcc/arm-none-eabi/13.3.1/../../../../arm-none-eabi/lib/thumb/v7-m/nofp\libc_nano.a(libc_a-findfp.o) (__sread)
C:/ST/STM32CubeIDE_1.18.1/STM32CubeIDE/plugins/com.st.stm32cube.ide.mcu.externaltools.gnu-tools-for-stm32.13.3.rel1.win32_1.0.0.202411081344/tools/bin/../lib/gcc/arm-none-eabi/13.3.1/../../../../arm-none-eabi/lib/thumb/v7-m/nofp\libc_nano.a(libc_a-memset.o)
                              C:/ST/STM32CubeIDE_1.18.1/STM32CubeIDE/plugins/com.st.stm32cube.ide.mcu.externaltools.gnu-tools-for-stm32.13.3.rel1.win32_1.0.0.202411081344/tools/bin/../lib/gcc/arm-none-eabi/13.3.1/../../../../arm-none-eabi/lib/thumb/v7-m/nofp/crt0.o (memset)
C:/ST/STM32CubeIDE_1.18.1/STM32CubeIDE/plugins/com.st.stm32cube.ide.mcu.externaltools.gnu-tools-for-stm32.13.3.rel1.win32_1.0.0.202411081344/tools/bin/../lib/gcc/arm-none-eabi/13.3.1/../../../../arm-none-eabi/lib/thumb/v7-m/nofp\libc_nano.a(libc_a-closer.o)
                              C:/ST/STM32CubeIDE_1.18.1/STM32CubeIDE/plugins/com.st.stm32cube.ide.mcu.externaltools.gnu-tools-for-stm32.13.3.rel1.win32_1.0.0.202411081344/tools/bin/../lib/gcc/arm-none-eabi/13.3.1/../../../../arm-none-eabi/lib/thumb/v7-m/nofp\libc_nano.a(libc_a-stdio.o) (_close_r)
C:/ST/STM32CubeIDE_1.18.1/STM32CubeIDE/plugins/com.st.stm32cube.ide.mcu.externaltools.gnu-tools-for-stm32.13.3.rel1.win32_1.0.0.202411081344/tools/bin/../lib/gcc/arm-none-eabi/13.3.1/../../../../arm-none-eabi/lib/thumb/v7-m/nofp\libc_nano.a(libc_a-reent.o)
                              C:/ST/STM32CubeIDE_1.18.1/STM32CubeIDE/plugins/com.st.stm32cube.ide.mcu.externaltools.gnu-tools-for-stm32.13.3.rel1.win32_1.0.0.202411081344/tools/bin/../lib/gcc/arm-none-eabi/13.3.1/../../../../arm-none-eabi/lib/thumb/v7-m/nofp\libc_nano.a(libc_a-closer.o) (errno)
C:/ST/STM32CubeIDE_1.18.1/STM32CubeIDE/plugins/com.st.stm32cube.ide.mcu.externaltools.gnu-tools-for-stm32.13.3.rel1.win32_1.0.0.202411081344/tools/bin/../lib/gcc/arm-none-eabi/13.3.1/../../../../arm-none-eabi/lib/thumb/v7-m/nofp\libc_nano.a(libc_a-impure.o)
                              C:/ST/STM32CubeIDE_1.18.1/STM32CubeIDE/plugins/com.st.stm32cube.ide.mcu.externaltools.gnu-tools-for-stm32.13.3.rel1.win32_1.0.0.202411081344/tools/bin/../lib/gcc/arm-none-eabi/13.3.1/../../../../arm-none-eabi/lib/thumb/v7-m/nofp\libc_nano.a(libc_a-reent.o) (_impure_ptr)
C:/ST/STM32CubeIDE_1.18.1/STM32CubeIDE/plugins/com.st.stm32cube.ide.mcu.externaltools.gnu-tools-for-stm32.13.3.rel1.win32_1.0.0.202411081344/tools/bin/../lib/gcc/arm-none-eabi/13.3.1/../../../../arm-none-eabi/lib/thumb/v7-m/nofp\libc_nano.a(libc_a-lseekr.o)
[...]
Memory Configuration

Name             Origin             Length             Attributes
RAM              0x20000000         0x00005000         xrw
FLASH            0x08000000         0x00010000         xr
*default*        0x00000000         0xffffffff

Linker script and memory map

LOAD C:/ST/STM32CubeIDE_1.18.1/STM32CubeIDE/plugins/com.st.stm32cube.ide.mcu.externaltools.gnu-tools-for-stm32.13.3.rel1.win32_1.0.0.202411081344/tools/bin/../lib/gcc/arm-none-eabi/13.3.1/thumb/v7-m/nofp/crti.o
LOAD C:/ST/STM32CubeIDE_1.18.1/STM32CubeIDE/plugins/com.st.stm32cube.ide.mcu.externaltools.gnu-tools-for-stm32.13.3.rel1.win32_1.0.0.202411081344/tools/bin/../lib/gcc/arm-none-eabi/13.3.1/thumb/v7-m/nofp/crtbegin.o
LOAD C:/ST/STM32CubeIDE_1.18.1/STM32CubeIDE/plugins/com.st.stm32cube.ide.mcu.externaltools.gnu-tools-for-stm32.13.3.rel1.win32_1.0.0.202411081344/tools/bin/../lib/gcc/arm-none-eabi/13.3.1/../../../../arm-none-eabi/lib/thumb/v7-m/nofp/crt0.o
LOAD ./Core/Src/DWT_Delay.o
LOAD ./Core/Src/I2C_LCD.o
LOAD ./Core/Src/I2C_LCD_cfg.o
LOAD ./Core/Src/KEYPAD.o
LOAD ./Core/Src/KEYPAD_cfg.o
LOAD ./Core/Src/SERVO.o
LOAD ./Core/Src/SERVO_cfg.o
LOAD ./Core/Src/Timer_Delay.o
LOAD ./Core/Src/Util.o
LOAD ./Core/Src/main.o
LOAD ./Core/Src/rc522.o
LOAD ./Core/Src/stm32f1xx_hal_msp.o
LOAD ./Core/Src/stm32f1xx_it.o
LOAD ./Core/Src/syscalls.o
LOAD ./Core/Src/sysmem.o
LOAD ./Core/Src/system_stm32f1xx.o
LOAD ./Core/Src/uart.o
LOAD ./Core/Startup/startup_stm32f103c8tx.o
LOAD ./Drivers/STM32F1xx_HAL_Driver/Src/stm32f1xx_hal.o
LOAD ./Drivers/STM32F1xx_HAL_Driver/Src/stm32f1xx_hal_cortex.o
LOAD ./Drivers/STM32F1xx_HAL_Driver/Src/stm32f1xx_hal_dma.o
LOAD ./Drivers/STM32F1xx_HAL_Driver/Src/stm32f1xx_hal_exti.o
LOAD ./Drivers/STM32F1xx_HAL_Driver/Src/stm32f1xx_hal_flash.o
LOAD ./Drivers/STM32F1xx_HAL_Driver/Src/stm32f1xx_hal_flash_ex.o
LOAD ./Drivers/STM32F1xx_HAL_Driver/Src/stm32f1xx_hal_gpio.o
LOAD ./Drivers/STM32F1xx_HAL_Driver/Src/stm32f1xx_hal_gpio_ex.o
LOAD ./Drivers/STM32F1xx_HAL_Driver/Src/stm32f1xx_hal_i2c.o
LOAD ./Drivers/STM32F1xx_HAL_Driver/Src/stm32f1xx_hal_pwr.o
LOAD ./Drivers/STM32F1xx_HAL_Driver/Src/stm32f1xx_hal_rcc.o
LOAD ./Drivers/STM32F1xx_HAL_Driver/Src/stm32f1xx_hal_rcc_ex.o
LOAD ./Drivers/STM32F1xx_HAL_Driver/Src/stm32f1xx_hal_spi.o
LOAD ./Drivers/STM32F1xx_HAL_Driver/Src/stm32f1xx_hal_tim.o
LOAD ./Drivers/STM32F1xx_HAL_Driver/Src/stm32f1xx_hal_tim_ex.o
LOAD ./util/Util.o
START GROUP
LOAD C:/ST/STM32CubeIDE_1.18.1/STM32CubeIDE/plugins/com.st.stm32cube.ide.mcu.externaltools.gnu-tools-for-stm32.13.3.rel1.win32_1.0.0.202411081344/tools/bin/../lib/gcc/arm-none-eabi/13.3.1/../../../../arm-none-eabi/lib/thumb/v7-m/nofp\libc_nano.a
LOAD C:/ST/STM32CubeIDE_1.18.1/STM32CubeIDE/plugins/com.st.stm32cube.ide.mcu.externaltools.gnu-tools-for-stm32.13.3.rel1.win32_1.0.0.202411081344/tools/bin/../lib/gcc/arm-none-eabi/13.3.1/../../../../arm-none-eabi/lib/thumb/v7-m/nofp\libm.a
END GROUP
START GROUP
LOAD C:/ST/STM32CubeIDE_1.18.1/STM32CubeIDE/plugins/com.st.stm32cube.ide.mcu.externaltools.gnu-tools-for-stm32.13.3.rel1.win32_1.0.0.202411081344/tools/bin/../lib/gcc/arm-none-eabi/13.3.1/thumb/v7-m/nofp\libgcc.a
LOAD C:/ST/STM32CubeIDE_1.18.1/STM32CubeIDE/plugins/com.st.stm32cube.ide.mcu.externaltools.gnu-tools-for-stm32.13.3.rel1.win32_1.0.0.202411081344/tools/bin/../lib/gcc/arm-none-eabi/13.3.1/../../../../arm-none-eabi/lib/thumb/v7-m/nofp\libc_nano.a
END GROUP
START GROUP
LOAD C:/ST/STM32CubeIDE_1.18.1/STM32CubeIDE/plugins/com.st.stm32cube.ide.mcu.externaltools.gnu-tools-for-stm32.13.3.rel1.win32_1.0.0.202411081344/tools/bin/../lib/gcc/arm-none-eabi/13.3.1/thumb/v7-m/nofp\libgcc.a
LOAD C:/ST/STM32CubeIDE_1.18.1/STM32CubeIDE/plugins/com.st.stm32cube.ide.mcu.externaltools.gnu-tools-for-stm32.13.3.rel1.win32_1.0.0.202411081344/tools/bin/../lib/gcc/arm-none-eabi/13.3.1/../../../../arm-none-eabi/lib/thumb/v7-m/nofp\libc_nano.a
LOAD C:/ST/STM32CubeIDE_1.18.1/STM32CubeIDE/plugins/com.st.stm32cube.ide.mcu.externaltools.gnu-tools-for-stm32.13.3.rel1.win32_1.0.0.202411081344/tools/bin/../lib/gcc/arm-none-eabi/13.3.1/../../../../arm-none-eabi/lib/thumb/v7-m/nofp\libnosys.a
END GROUP
START GROUP
LOAD C:/ST/STM32CubeIDE_1.18.1/STM32CubeIDE/plugins/com.st.stm32cube.ide.mcu.externaltools.gnu-tools-for-stm32.13.3.rel1.win32_1.0.0.202411081344/tools/bin/../lib/gcc/arm-none-eabi/13.3.1/thumb/v7-m/nofp\libgcc.a
LOAD C:/ST/STM32CubeIDE_1.18.1/STM32CubeIDE/plugins/com.st.stm32cube.ide.mcu.externaltools.gnu-tools-for-stm32.13.3.rel1.win32_1.0.0.202411081344/tools/bin/../lib/gcc/arm-none-eabi/13.3.1/../../../../arm-none-eabi/lib/thumb/v7-m/nofp\libc_nano.a
LOAD C:/ST/STM32CubeIDE_1.18.1/STM32CubeIDE/plugins/com.st.stm32cube.ide.mcu.externaltools.gnu-tools-for-stm32.13.3.rel1.win32_1.0.0.202411081344/tools/bin/../lib/gcc/arm-none-eabi/13.3.1/../../../../arm-none-eabi/lib/thumb/v7-m/nofp\libnosys.a
END GROUP
LOAD C:/ST/STM32CubeIDE_1.18.1/STM32CubeIDE/plugins/com.st.stm32cube.ide.mcu.externaltools.gnu-tools-for-stm32.13.3.rel1.win32_1.0.0.202411081344/tools/bin/../lib/gcc/arm-none-eabi/13.3.1/thumb/v7-m/nofp/crtend.o
LOAD C:/ST/STM32CubeIDE_1.18.1/STM32CubeIDE/plugins/com.st.stm32cube.ide.mcu.externaltools.gnu-tools-for-stm32.13.3.rel1.win32_1.0.0.202411081344/tools/bin/../lib/gcc/arm-none-eabi/13.3.1/thumb/v7-m/nofp/crtn.o
                0x20005000                        _estack = (ORIGIN (RAM) + LENGTH (RAM))
                0x00000200                        _Min_Heap_Size = 0x200
                0x00000400                        _Min_Stack_Size = 0x400

.isr_vector     0x08000000      0x10c
                0x08000000                        . = ALIGN (0x4)
 *(.isr_vector)
 .isr_vector    0x08000000      0x10c ./Core/Startup/startup_stm32f103c8tx.o
                0x08000000                g_pfnVectors
                0x0800010c                        . = ALIGN (0x4)

.text           0x0800010c     0x6eac
                0x0800010c                        . = ALIGN (0x4)
 *(.text)
 .text          0x0800010c       0x40 C:/ST/STM32CubeIDE_1.18.1/STM32CubeIDE/plugins/com.st.stm32cube.ide.mcu.externaltools.gnu-tools-for-stm32.13.3.rel1.win32_1.0.0.202411081344/tools/bin/../lib/gcc/arm-none-eabi/13.3.1/thumb/v7-m/nofp/crtbegin.o
 .text          0x0800014c      0x168 C:/ST/STM32CubeIDE_1.18.1/STM32CubeIDE/plugins/com.st.stm32cube.ide.mcu.externaltools.gnu-tools-for-stm32.13.3.rel1.win32_1.0.0.202411081344/tools/bin/../lib/gcc/arm-none-eabi/13.3.1/thumb/v7-m/nofp\libgcc.a(_arm_mulsf3.o)
                0x0800014c                __aeabi_fmul
                0x0800014c                __mulsf3
 .text          0x080002b4      0x378 C:/ST/STM32CubeIDE_1.18.1/STM32CubeIDE/plugins/com.st.stm32cube.ide.mcu.externaltools.gnu-tools-for-stm32.13.3.rel1.win32_1.0.0.202411081344/tools/bin/../lib/gcc/arm-none-eabi/13.3.1/thumb/v7-m/nofp\libgcc.a(_arm_addsubdf3.o)
                0x080002b4                __aeabi_drsub
                0x080002bc                __aeabi_dsub
                0x080002bc                __subdf3
                0x080002c0                __aeabi_dadd
                0x080002c0                __adddf3
                0x08000538                __floatunsidf
                0x08000538                __aeabi_ui2d
                0x08000558                __floatsidf
                0x08000558                __aeabi_i2d
                0x0800057c                __aeabi_f2d
                0x0800057c                __extendsfdf2
                0x080005c0                __floatundidf
                0x080005c0                __aeabi_ul2d
                0x080005d0                __floatdidf
                0x080005d0                __aeabi_l2d
 .text          0x0800062c      0x424 C:/ST/STM32CubeIDE_1.18.1/STM32CubeIDE/plugins/com.st.stm32cube.ide.mcu.externaltools.gnu-tools-for-stm32.13.3.rel1.win32_1.0.0.202411081344/tools/bin/../lib/gcc/arm-none-eabi/13.3.1/thumb/v7-m/nofp\libgcc.a(_arm_muldivdf3.o)
                0x0800062c                __aeabi_dmul
                0x0800062c                __muldf3
                0x08000880                __divdf3
                0x08000880                __aeabi_ddiv
 .text          0x08000a50       0x40 C:/ST/STM32CubeIDE_1.18.1/STM32CubeIDE/plugins/com.st.stm32cube.ide.mcu.externaltools.gnu-tools-for-stm32.13.3.rel1.win32_1.0.0.202411081344/tools/bin/../lib/gcc/arm-none-eabi/13.3.1/thumb/v7-m/nofp\libgcc.a(_arm_fixunsdfsi.o)
                0x08000a50                __aeabi_d2uiz
                0x08000a50                __fixunsdfsi
 .text          0x08000a90      0x21c C:/ST/STM32CubeIDE_1.18.1/STM32CubeIDE/plugins/com.st.stm32cube.ide.mcu.externaltools.gnu-tools-for-stm32.13.3.rel1.win32_1.0.0.202411081344/tools/bin/../lib/gcc/arm-none-eabi/13.3.1/thumb/v7-m/nofp\libgcc.a(_arm_addsubsf3.o)
                0x08000a90                __aeabi_frsub
                0x08000a98                __subsf3
                0x08000a98                __aeabi_fsub
                0x08000a9c                __aeabi_fadd
                0x08000a9c                __addsf3
                0x08000bfc                __aeabi_ui2f
                0x08000bfc                __floatunsisf
                0x08000c04                __aeabi_i2f
                0x08000c04                __floatsisf
                0x08000c20                __aeabi_ul2f
                0x08000c20                __floatundisf
                0x08000c30                __aeabi_l2f
                0x08000c30                __floatdisf
 *(.text*)
 .text.DWT_Delay_Init
                0x08000cac       0x60 ./Core/Src/DWT_Delay.o
                0x08000cac                DWT_Delay_Init
 .text.I2C_LCD_ExpanderWrite
                0x08000d0c       0x68 ./Core/Src/I2C_LCD.o
 .text.I2C_LCD_EnPulse
                0x08000d74       0xb8 ./Core/Src/I2C_LCD.o
 .text.I2C_LCD_Write4Bits
                0x08000e2c       0x30 ./Core/Src/I2C_LCD.o
 .text.I2C_LCD_Send
                0x08000e5c       0x4c ./Core/Src/I2C_LCD.o
 .text.I2C_LCD_Cmd
                0x08000ea8       0x24 ./Core/Src/I2C_LCD.o
 .text.I2C_LCD_Data
                0x08000ecc       0x24 ./Core/Src/I2C_LCD.o
 .text.I2C_LCD_Init
                0x08000ef0      0x164 ./Core/Src/I2C_LCD.o
                0x08000ef0                I2C_LCD_Init
 .text.I2C_LCD_Clear
                0x08001054       0x78 ./Core/Src/I2C_LCD.o
                0x08001054                I2C_LCD_Clear
 .text.I2C_LCD_SetCursor
                0x080010cc       0x84 ./Core/Src/I2C_LCD.o
                0x080010cc                I2C_LCD_SetCursor
 .text.I2C_LCD_WriteChar
                0x08001150       0x24 ./Core/Src/I2C_LCD.o
                0x08001150                I2C_LCD_WriteChar
 .text.I2C_LCD_WriteString
                0x08001174       0x32 ./Core/Src/I2C_LCD.o
                0x08001174                I2C_LCD_WriteString
 *fill*         0x080011a6        0x2 
 .text.I2C_LCD_Backlight
                0x080011a8       0x2c ./Core/Src/I2C_LCD.o
                0x080011a8                I2C_LCD_Backlight
 .text.I2C_LCD_Display
                0x080011d4       0x44 ./Core/Src/I2C_LCD.o
                0x080011d4                I2C_LCD_Display
 .text.KEYPAD_Init
                0x08001218      0x350 ./Core/Src/KEYPAD.o
                0x08001218                KEYPAD_Init
 .text.KEYPAD_Scan
                0x08001568     0x1258 ./Core/Src/KEYPAD.o
                0x08001568                KEYPAD_Scan
 .text.SERVO_Init
                0x080027c0      0x438 ./Core/Src/SERVO.o
                0x080027c0                SERVO_Init
 .text.SERVO_MoveTo
                0x08002bf8       0xa0 ./Core/Src/SERVO.o
                0x08002bf8                SERVO_MoveTo
 .text.Password_Check
                0x08002c98       0x68 ./Core/Src/main.o
 .text.Notifications
                0x08002d00      0x1fc ./Core/Src/main.o
 .text.Set_Password
                0x08002efc      0x1dc ./Core/Src/main.o
 .text.Display_Handler
                0x080030d8      0x20c ./Core/Src/main.o
 .text.CompareUID
                0x080032e4       0x40 ./Core/Src/main.o
 .text.IsSlaveCard
                0x08003324       0x4c ./Core/Src/main.o
 .text.AddSlaveCard
                0x08003370       0xb8 ./Core/Src/main.o
 .text.RFID_ProcessCard
                0x08003428      0x270 ./Core/Src/main.o
 .text.Tone     0x08003698       0x3c ./Core/Src/main.o
 .text.noTone   0x080036d4       0x14 ./Core/Src/main.o
 .text.main     0x080036e8      0x17c ./Core/Src/main.o
                0x080036e8                main
 .text.SystemClock_Config
                0x08003864       0x8a ./Core/Src/main.o
                0x08003864                SystemClock_Config
 *fill*         0x080038ee        0x2 
 .text.MX_I2C1_Init
                0x080038f0       0x5c ./Core/Src/main.o
 .text.MX_SPI2_Init
                0x0800394c       0x6c ./Core/Src/main.o
 .text.MX_TIM1_Init
                0x080039b8      0x144 ./Core/Src/main.o
 .text.MX_TIM2_Init
                0x08003afc      0x100 ./Core/Src/main.o
 .text.MX_GPIO_Init
                0x08003bfc       0xf4 ./Core/Src/main.o
 .text.Error_Handler
                0x08003cf0        0xc ./Core/Src/main.o
                0x08003cf0                Error_Handler
 .text.RC522_SPI_Transfer
                0x08003cfc       0x2c ./Core/Src/rc522.o
                0x08003cfc                RC522_SPI_Transfer
 .text.Write_MFRC522
                0x08003d28       0x50 ./Core/Src/rc522.o
                0x08003d28                Write_MFRC522
 .text.Read_MFRC522
                0x08003d78       0x58 ./Core/Src/rc522.o
                0x08003d78                Read_MFRC522
 .text.SetBitMask
                0x08003dd0       0x36 ./Core/Src/rc522.o
                0x08003dd0                SetBitMask
 .text.ClearBitMask
                0x08003e06       0x40 ./Core/Src/rc522.o
                0x08003e06                ClearBitMask
 .text.AntennaOn
                0x08003e46       0x16 ./Core/Src/rc522.o
                0x08003e46                AntennaOn
 .text.MFRC522_Reset
                0x08003e5c       0x10 ./Core/Src/rc522.o
                0x08003e5c                MFRC522_Reset
 .text.MFRC522_Init
                0x08003e6c       0x5c ./Core/Src/rc522.o
                0x08003e6c                MFRC522_Init
 .text.MFRC522_ToCard
                0x08003ec8      0x192 ./Core/Src/rc522.o
                0x08003ec8                MFRC522_ToCard
 .text.MFRC522_Request
                0x0800405a       0x4a ./Core/Src/rc522.o
                0x0800405a                MFRC522_Request
 .text.MFRC522_Anticoll
                0x080040a4       0x7a ./Core/Src/rc522.o
                0x080040a4                MFRC522_Anticoll
 .text.CalulateCRC
                0x0800411e       0x92 ./Core/Src/rc522.o
                0x0800411e                CalulateCRC
 .text.MFRC522_Halt
                0x080041b0       0x36 ./Core/Src/rc522.o
                0x080041b0                MFRC522_Halt
 *fill*         0x080041e6        0x2 
 .text.HAL_MspInit
                0x080041e8       0x64 ./Core/Src/stm32f1xx_hal_msp.o
                0x080041e8                HAL_MspInit
 .text.HAL_I2C_MspInit
                0x0800424c       0x7c ./Core/Src/stm32f1xx_hal_msp.o
                0x0800424c                HAL_I2C_MspInit
 .text.HAL_SPI_MspInit
                0x080042c8       0x98 ./Core/Src/stm32f1xx_hal_msp.o
                0x080042c8                HAL_SPI_MspInit
 .text.HAL_TIM_Base_MspInit
                0x08004360       0x60 ./Core/Src/stm32f1xx_hal_msp.o
                0x08004360                HAL_TIM_Base_MspInit
 .text.HAL_TIM_MspPostInit
                0x080043c0       0xd0 ./Core/Src/stm32f1xx_hal_msp.o
                0x080043c0                HAL_TIM_MspPostInit
 .text.NMI_Handler
                0x08004490        0x8 ./Core/Src/stm32f1xx_it.o
                0x08004490                NMI_Handler
 .text.HardFault_Handler
                0x08004498        0x8 ./Core/Src/stm32f1xx_it.o
                0x08004498                HardFault_Handler
 .text.MemManage_Handler
                0x080044a0        0x8 ./Core/Src/stm32f1xx_it.o
                0x080044a0                MemManage_Handler
 .text.BusFault_Handler
                0x080044a8        0x8 ./Core/Src/stm32f1xx_it.o
                0x080044a8                BusFault_Handler
 .text.UsageFault_Handler
                0x080044b0        0x8 ./Core/Src/stm32f1xx_it.o
                0x080044b0                UsageFault_Handler
 .text.SVC_Handler
                0x080044b8        0xc ./Core/Src/stm32f1xx_it.o
                0x080044b8                SVC_Handler
 .text.DebugMon_Handler
                0x080044c4        0xc ./Core/Src/stm32f1xx_it.o
                0x080044c4                DebugMon_Handler
 .text.PendSV_Handler
                0x080044d0        0xc ./Core/Src/stm32f1xx_it.o
                0x080044d0                PendSV_Handler
 .text.SysTick_Handler
                0x080044dc        0xc ./Core/Src/stm32f1xx_it.o
                0x080044dc                SysTick_Handler
 .text.SystemInit
                0x080044e8        0xc ./Core/Src/system_stm32f1xx.o
                0x080044e8                SystemInit
 .text.USART1_IRQHandler
                0x080044f4       0x68 ./Core/Src/uart.o
                0x080044f4                USART1_IRQHandler
 .text.Reset_Handler
                0x0800455c       0x48 ./Core/Startup/startup_stm32f103c8tx.o
                0x0800455c                Reset_Handler
 .text.Default_Handler
                0x080045a4        0x2 ./Core/Startup/startup_stm32f103c8tx.o
                0x080045a4                RTC_Alarm_IRQHandler
                0x080045a4                EXTI2_IRQHandler
                0x080045a4                TIM1_CC_IRQHandler
                0x080045a4                PVD_IRQHandler
                0x080045a4                EXTI3_IRQHandler
                0x080045a4                EXTI0_IRQHandler
                0x080045a4                I2C2_EV_IRQHandler
                0x080045a4                ADC1_2_IRQHandler
                0x080045a4                SPI1_IRQHandler
                0x080045a4                TAMPER_IRQHandler
                0x080045a4                DMA1_Channel4_IRQHandler
                0x080045a4                USART3_IRQHandler
                0x080045a4                RTC_IRQHandler
                0x080045a4                DMA1_Channel7_IRQHandler
                0x080045a4                CAN1_RX1_IRQHandler
                0x080045a4                TIM4_IRQHandler
                0x080045a4                I2C1_EV_IRQHandler
                0x080045a4                DMA1_Channel6_IRQHandler
                0x080045a4                TIM3_IRQHandler
                0x080045a4                RCC_IRQHandler
                0x080045a4                TIM1_TRG_COM_IRQHandler
                0x080045a4                DMA1_Channel1_IRQHandler
                0x080045a4                Default_Handler
                0x080045a4                EXTI15_10_IRQHandler
                0x080045a4                EXTI9_5_IRQHandler
                0x080045a4                SPI2_IRQHandler
                0x080045a4                DMA1_Channel5_IRQHandler
                0x080045a4                EXTI4_IRQHandler
                0x080045a4                USB_LP_CAN1_RX0_IRQHandler
                0x080045a4                USB_HP_CAN1_TX_IRQHandler
                0x080045a4                DMA1_Channel3_IRQHandler
                0x080045a4                TIM1_UP_IRQHandler
                0x080045a4                WWDG_IRQHandler
                0x080045a4                TIM2_IRQHandler
                0x080045a4                TIM1_BRK_IRQHandler
                0x080045a4                EXTI1_IRQHandler
                0x080045a4                USART2_IRQHandler
                0x080045a4                I2C2_ER_IRQHandler
                0x080045a4                DMA1_Channel2_IRQHandler
                0x080045a4                CAN1_SCE_IRQHandler
                0x080045a4                FLASH_IRQHandler
                0x080045a4                I2C1_ER_IRQHandler
                0x080045a4                USBWakeUp_IRQHandler
 *fill*         0x080045a6        0x2 
 .text.HAL_Init
                0x080045a8       0x2c ./Drivers/STM32F1xx_HAL_Driver/Src/stm32f1xx_hal.o
                0x080045a8                HAL_Init
 .text.HAL_InitTick
                0x080045d4       0x60 ./Drivers/STM32F1xx_HAL_Driver/Src/stm32f1xx_hal.o
                0x080045d4                HAL_InitTick
 .text.HAL_IncTick
                0x08004634       0x24 ./Drivers/STM32F1xx_HAL_Driver/Src/stm32f1xx_hal.o
                0x08004634                HAL_IncTick
 .text.HAL_GetTick
                0x08004658       0x14 ./Drivers/STM32F1xx_HAL_Driver/Src/stm32f1xx_hal.o
                0x08004658                HAL_GetTick
 .text.HAL_Delay
                0x0800466c       0x48 ./Drivers/STM32F1xx_HAL_Driver/Src/stm32f1xx_hal.o
                0x0800466c                HAL_Delay
 .text.__NVIC_SetPriorityGrouping
                0x080046b4       0x48 ./Drivers/STM32F1xx_HAL_Driver/Src/stm32f1xx_hal_cortex.o
 .text.__NVIC_GetPriorityGrouping
                0x080046fc       0x1c ./Drivers/STM32F1xx_HAL_Driver/Src/stm32f1xx_hal_cortex.o
 .text.__NVIC_SetPriority
                0x08004718       0x54 ./Drivers/STM32F1xx_HAL_Driver/Src/stm32f1xx_hal_cortex.o
 .text.NVIC_EncodePriority
                0x0800476c       0x64 ./Drivers/STM32F1xx_HAL_Driver/Src/stm32f1xx_hal_cortex.o
 .text.SysTick_Config
                0x080047d0       0x44 ./Drivers/STM32F1xx_HAL_Driver/Src/stm32f1xx_hal_cortex.o
 .text.HAL_NVIC_SetPriorityGrouping
                0x08004814       0x16 ./Drivers/STM32F1xx_HAL_Driver/Src/stm32f1xx_hal_cortex.o
                0x08004814                HAL_NVIC_SetPriorityGrouping
 .text.HAL_NVIC_SetPriority
                0x0800482a       0x38 ./Drivers/STM32F1xx_HAL_Driver/Src/stm32f1xx_hal_cortex.o
                0x0800482a                HAL_NVIC_SetPriority
 .text.HAL_SYSTICK_Config
                0x08004862       0x18 ./Drivers/STM32F1xx_HAL_Driver/Src/stm32f1xx_hal_cortex.o
                0x08004862                HAL_SYSTICK_Config
 *fill*         0x0800487a        0x2 
 .text.HAL_GPIO_Init
                0x0800487c      0x308 ./Drivers/STM32F1xx_HAL_Driver/Src/stm32f1xx_hal_gpio.o
                0x0800487c                HAL_GPIO_Init
 .text.HAL_GPIO_ReadPin
                0x08004b84       0x2e ./Drivers/STM32F1xx_HAL_Driver/Src/stm32f1xx_hal_gpio.o
                0x08004b84                HAL_GPIO_ReadPin
 .text.HAL_GPIO_WritePin
                0x08004bb2       0x30 ./Drivers/STM32F1xx_HAL_Driver/Src/stm32f1xx_hal_gpio.o
                0x08004bb2                HAL_GPIO_WritePin
 *fill*         0x08004be2        0x2 
 .text.HAL_I2C_Init
                0x08004be4      0x288 ./Drivers/STM32F1xx_HAL_Driver/Src/stm32f1xx_hal_i2c.o
                0x08004be4                HAL_I2C_Init
 .text.HAL_I2C_Master_Transmit
                0x08004e6c      0x1fc ./Drivers/STM32F1xx_HAL_Driver/Src/stm32f1xx_hal_i2c.o
                0x08004e6c                HAL_I2C_Master_Transmit
 .text.I2C_MasterRequestWrite
                0x08005068      0x104 ./Drivers/STM32F1xx_HAL_Driver/Src/stm32f1xx_hal_i2c.o
 .text.I2C_WaitOnFlagUntilTimeout
                0x0800516c       0xf4 ./Drivers/STM32F1xx_HAL_Driver/Src/stm32f1xx_hal_i2c.o
 .text.I2C_WaitOnMasterAddressFlagUntilTimeout
                0x08005260      0x140 ./Drivers/STM32F1xx_HAL_Driver/Src/stm32f1xx_hal_i2c.o
 .text.I2C_WaitOnTXEFlagUntilTimeout
                0x080053a0       0x90 ./Drivers/STM32F1xx_HAL_Driver/Src/stm32f1xx_hal_i2c.o
 .text.I2C_WaitOnBTFFlagUntilTimeout
                0x08005430       0x90 ./Drivers/STM32F1xx_HAL_Driver/Src/stm32f1xx_hal_i2c.o
 .text.I2C_IsAcknowledgeFailed
                0x080054c0       0x5c ./Drivers/STM32F1xx_HAL_Driver/Src/stm32f1xx_hal_i2c.o
 .text.HAL_RCC_OscConfig
                0x0800551c      0x504 ./Drivers/STM32F1xx_HAL_Driver/Src/stm32f1xx_hal_rcc.o
                0x0800551c                HAL_RCC_OscConfig
 .text.HAL_RCC_ClockConfig
                0x08005a20      0x1d4 ./Drivers/STM32F1xx_HAL_Driver/Src/stm32f1xx_hal_rcc.o
                0x08005a20                HAL_RCC_ClockConfig
 .text.HAL_RCC_GetSysClockFreq
                0x08005bf4       0xa8 ./Drivers/STM32F1xx_HAL_Driver/Src/stm32f1xx_hal_rcc.o
                0x08005bf4                HAL_RCC_GetSysClockFreq
 .text.HAL_RCC_GetHCLKFreq
                0x08005c9c       0x14 ./Drivers/STM32F1xx_HAL_Driver/Src/stm32f1xx_hal_rcc.o
                0x08005c9c                HAL_RCC_GetHCLKFreq
 .text.HAL_RCC_GetPCLK1Freq
                0x08005cb0       0x28 ./Drivers/STM32F1xx_HAL_Driver/Src/stm32f1xx_hal_rcc.o
                0x08005cb0                HAL_RCC_GetPCLK1Freq
 .text.RCC_Delay
                0x08005cd8       0x3c ./Drivers/STM32F1xx_HAL_Driver/Src/stm32f1xx_hal_rcc.o
 .text.HAL_SPI_Init
                0x08005d14      0x108 ./Drivers/STM32F1xx_HAL_Driver/Src/stm32f1xx_hal_spi.o
                0x08005d14                HAL_SPI_Init
 .text.HAL_SPI_TransmitReceive
                0x08005e1c      0x352 ./Drivers/STM32F1xx_HAL_Driver/Src/stm32f1xx_hal_spi.o
                0x08005e1c                HAL_SPI_TransmitReceive
 *fill*         0x0800616e        0x2 
 .text.SPI_WaitFlagStateUntilTimeout
                0x08006170      0x110 ./Drivers/STM32F1xx_HAL_Driver/Src/stm32f1xx_hal_spi.o
 .text.SPI_EndRxTxTransaction
                0x08006280       0x62 ./Drivers/STM32F1xx_HAL_Driver/Src/stm32f1xx_hal_spi.o
 .text.HAL_TIM_Base_Init
                0x080062e2       0x9e ./Drivers/STM32F1xx_HAL_Driver/Src/stm32f1xx_hal_tim.o
                0x080062e2                HAL_TIM_Base_Init
 .text.HAL_TIM_PWM_Init
                0x08006380       0x9e ./Drivers/STM32F1xx_HAL_Driver/Src/stm32f1xx_hal_tim.o
                0x08006380                HAL_TIM_PWM_Init
 .text.HAL_TIM_PWM_MspInit
                0x0800641e       0x12 ./Drivers/STM32F1xx_HAL_Driver/Src/stm32f1xx_hal_tim.o
                0x0800641e                HAL_TIM_PWM_MspInit
 .text.HAL_TIM_PWM_Start
                0x08006430      0x144 ./Drivers/STM32F1xx_HAL_Driver/Src/stm32f1xx_hal_tim.o
                0x08006430                HAL_TIM_PWM_Start
 .text.HAL_TIM_PWM_ConfigChannel
                0x08006574      0x184 ./Drivers/STM32F1xx_HAL_Driver/Src/stm32f1xx_hal_tim.o
                0x08006574                HAL_TIM_PWM_ConfigChannel
 .text.HAL_TIM_ConfigClockSource
                0x080066f8      0x18e ./Drivers/STM32F1xx_HAL_Driver/Src/stm32f1xx_hal_tim.o
                0x080066f8                HAL_TIM_ConfigClockSource
 *fill*         0x08006886        0x2 
 .text.TIM_Base_SetConfig
                0x08006888       0xdc ./Drivers/STM32F1xx_HAL_Driver/Src/stm32f1xx_hal_tim.o
                0x08006888                TIM_Base_SetConfig
 .text.TIM_OC1_SetConfig
                0x08006964       0xcc ./Drivers/STM32F1xx_HAL_Driver/Src/stm32f1xx_hal_tim.o
 .text.TIM_OC2_SetConfig
                0x08006a30       0xd4 ./Drivers/STM32F1xx_HAL_Driver/Src/stm32f1xx_hal_tim.o
                0x08006a30                TIM_OC2_SetConfig
 .text.TIM_OC3_SetConfig
                0x08006b04       0xd4 ./Drivers/STM32F1xx_HAL_Driver/Src/stm32f1xx_hal_tim.o
 .text.TIM_OC4_SetConfig
                0x08006bd8       0x9c ./Drivers/STM32F1xx_HAL_Driver/Src/stm32f1xx_hal_tim.o
 .text.TIM_TI1_ConfigInputStage
                0x08006c74       0x5c ./Drivers/STM32F1xx_HAL_Driver/Src/stm32f1xx_hal_tim.o
 .text.TIM_TI2_ConfigInputStage
                0x08006cd0       0x5e ./Drivers/STM32F1xx_HAL_Driver/Src/stm32f1xx_hal_tim.o
 .text.TIM_ITRx_SetConfig
                0x08006d2e       0x34 ./Drivers/STM32F1xx_HAL_Driver/Src/stm32f1xx_hal_tim.o
 .text.TIM_ETR_SetConfig
                0x08006d62       0x3e ./Drivers/STM32F1xx_HAL_Driver/Src/stm32f1xx_hal_tim.o
                0x08006d62                TIM_ETR_SetConfig
 .text.TIM_CCxChannelCmd
                0x08006da0       0x48 ./Drivers/STM32F1xx_HAL_Driver/Src/stm32f1xx_hal_tim.o
                0x08006da0                TIM_CCxChannelCmd
 .text.HAL_TIMEx_MasterConfigSynchronization
                0x08006de8       0xbc ./Drivers/STM32F1xx_HAL_Driver/Src/stm32f1xx_hal_tim_ex.o
                0x08006de8                HAL_TIMEx_MasterConfigSynchronization
 .text.HAL_TIMEx_ConfigBreakDeadTime
                0x08006ea4       0xa2 ./Drivers/STM32F1xx_HAL_Driver/Src/stm32f1xx_hal_tim_ex.o
                0x08006ea4                HAL_TIMEx_ConfigBreakDeadTime
 .text.memset   0x08006f46       0x10 C:/ST/STM32CubeIDE_1.18.1/STM32CubeIDE/plugins/com.st.stm32cube.ide.mcu.externaltools.gnu-tools-for-stm32.13.3.rel1.win32_1.0.0.202411081344/tools/bin/../lib/gcc/arm-none-eabi/13.3.1/../../../../arm-none-eabi/lib/thumb/v7-m/nofp\libc_nano.a(libc_a-memset.o)
                0x08006f46                memset
 *fill*         0x08006f56        0x2 
 .text.__libc_init_array
                0x08006f58       0x48 C:/ST/STM32CubeIDE_1.18.1/STM32CubeIDE/plugins/com.st.stm32cube.ide.mcu.externaltools.gnu-tools-for-stm32.13.3.rel1.win32_1.0.0.202411081344/tools/bin/../lib/gcc/arm-none-eabi/13.3.1/../../../../arm-none-eabi/lib/thumb/v7-m/nofp\libc_nano.a(libc_a-init.o)
                0x08006f58                __libc_init_array
 *(.glue_7)
 .glue_7        0x08006fa0        0x0 linker stubs
 *(.glue_7t)
 .glue_7t       0x08006fa0        0x0 linker stubs
 *(.eh_frame)
 .eh_frame      0x08006fa0        0x0 C:/ST/STM32CubeIDE_1.18.1/STM32CubeIDE/plugins/com.st.stm32cube.ide.mcu.externaltools.gnu-tools-for-stm32.13.3.rel1.win32_1.0.0.202411081344/tools/bin/../lib/gcc/arm-none-eabi/13.3.1/thumb/v7-m/nofp/crtbegin.o
 *(.init)
 .init          0x08006fa0        0x4 C:/ST/STM32CubeIDE_1.18.1/STM32CubeIDE/plugins/com.st.stm32cube.ide.mcu.externaltools.gnu-tools-for-stm32.13.3.rel1.win32_1.0.0.202411081344/tools/bin/../lib/gcc/arm-none-eabi/13.3.1/thumb/v7-m/nofp/crti.o
                0x08006fa0                _init
 .init          0x08006fa4        0x8 C:/ST/STM32CubeIDE_1.18.1/STM32CubeIDE/plugins/com.st.stm32cube.ide.mcu.externaltools.gnu-tools-for-stm32.13.3.rel1.win32_1.0.0.202411081344/tools/bin/../lib/gcc/arm-none-eabi/13.3.1/thumb/v7-m/nofp/crtn.o
 *(.fini)
 .fini          0x08006fac        0x4 C:/ST/STM32CubeIDE_1.18.1/STM32CubeIDE/plugins/com.st.stm32cube.ide.mcu.externaltools.gnu-tools-for-stm32.13.3.rel1.win32_1.0.0.202411081344/tools/bin/../lib/gcc/arm-none-eabi/13.3.1/thumb/v7-m/nofp/crti.o
                0x08006fac                _fini
 .fini          0x08006fb0        0x8 C:/ST/STM32CubeIDE_1.18.1/STM32CubeIDE/plugins/com.st.stm32cube.ide.mcu.externaltools.gnu-tools-for-stm32.13.3.rel1.win32_1.0.0.202411081344/tools/bin/../lib/gcc/arm-none-eabi/13.3.1/thumb/v7-m/nofp/crtn.o
                0x08006fb8                        . = ALIGN (0x4)
                0x08006fb8                        _etext = .

.vfp11_veneer   0x08006fb8        0x0
 .vfp11_veneer  0x08006fb8        0x0 linker stubs

.v4_bx          0x08006fb8        0x0
 .v4_bx         0x08006fb8        0x0 linker stubs

.iplt           0x08006fb8        0x0
 .iplt          0x08006fb8        0x0 C:/ST/STM32CubeIDE_1.18.1/STM32CubeIDE/plugins/com.st.stm32cube.ide.mcu.externaltools.gnu-tools-for-stm32.13.3.rel1.win32_1.0.0.202411081344/tools/bin/../lib/gcc/arm-none-eabi/13.3.1/thumb/v7-m/nofp/crtbegin.o

.rodata         0x08006fb8      0x16c
                0x08006fb8                        . = ALIGN (0x4)
 *(.rodata)
 .rodata        0x08006fb8       0x10 ./Core/Src/I2C_LCD.o
 .rodata        0x08006fc8       0xd1 ./Core/Src/main.o
 *(.rodata*)
 *fill*         0x08007099        0x3 
 .rodata.I2C_LCD_CfgParam
                0x0800709c        0xc ./Core/Src/I2C_LCD_cfg.o
                0x0800709c                I2C_LCD_CfgParam
 .rodata.KEYPAD_CfgParam
                0x080070a8       0x30 ./Core/Src/KEYPAD_cfg.o
                0x080070a8                KEYPAD_CfgParam
 .rodata.SERVO_CfgParam
                0x080070d8       0x20 ./Core/Src/SERVO_cfg.o
                0x080070d8                SERVO_CfgParam
 .rodata.AHBPrescTable
                0x080070f8       0x10 ./Core/Src/system_stm32f1xx.o
                0x080070f8                AHBPrescTable
 .rodata.APBPrescTable
                0x08007108        0x8 ./Core/Src/system_stm32f1xx.o
                0x08007108                APBPrescTable
 .rodata.aPLLMULFactorTable.1
                0x08007110       0x10 ./Drivers/STM32F1xx_HAL_Driver/Src/stm32f1xx_hal_rcc.o
 .rodata.aPredivFactorTable.0
                0x08007120        0x2 ./Drivers/STM32F1xx_HAL_Driver/Src/stm32f1xx_hal_rcc.o
                0x08007124                        . = ALIGN (0x4)
 *fill*         0x08007122        0x2 

.rel.dyn        0x08007124        0x0
 .rel.iplt      0x08007124        0x0 C:/ST/STM32CubeIDE_1.18.1/STM32CubeIDE/plugins/com.st.stm32cube.ide.mcu.externaltools.gnu-tools-for-stm32.13.3.rel1.win32_1.0.0.202411081344/tools/bin/../lib/gcc/arm-none-eabi/13.3.1/thumb/v7-m/nofp/crtbegin.o

.ARM.extab      0x08007124        0x0
                0x08007124                        . = ALIGN (0x4)
 *(.ARM.extab* .gnu.linkonce.armextab.*)
                0x08007124                        . = ALIGN (0x4)

.ARM            0x08007124        0x0
                0x08007124                        . = ALIGN (0x4)
                0x08007124                        __exidx_start = .
 *(.ARM.exidx*)
                0x08007124                        __exidx_end = .
                0x08007124                        . = ALIGN (0x4)

.preinit_array  0x08007124        0x0
                0x08007124                        . = ALIGN (0x4)
                0x08007124                        PROVIDE (__preinit_array_start = .)
 *(.preinit_array*)
                0x08007124                        PROVIDE (__preinit_array_end = .)
                0x08007124                        . = ALIGN (0x4)

.init_array     0x08007124        0x4
                0x08007124                        . = ALIGN (0x4)
                0x08007124                        PROVIDE (__init_array_start = .)
 *(SORT_BY_NAME(.init_array.*))
 *(.init_array*)
 .init_array    0x08007124        0x4 C:/ST/STM32CubeIDE_1.18.1/STM32CubeIDE/plugins/com.st.stm32cube.ide.mcu.externaltools.gnu-tools-for-stm32.13.3.rel1.win32_1.0.0.202411081344/tools/bin/../lib/gcc/arm-none-eabi/13.3.1/thumb/v7-m/nofp/crtbegin.o
                0x08007128                        PROVIDE (__init_array_end = .)
                0x08007128                        . = ALIGN (0x4)

.fini_array     0x08007128        0x4
                0x08007128                        . = ALIGN (0x4)
                [!provide]                        PROVIDE (__fini_array_start = .)
 *(SORT_BY_NAME(.fini_array.*))
 *(.fini_array*)
 .fini_array    0x08007128        0x4 C:/ST/STM32CubeIDE_1.18.1/STM32CubeIDE/plugins/com.st.stm32cube.ide.mcu.externaltools.gnu-tools-for-stm32.13.3.rel1.win32_1.0.0.202411081344/tools/bin/../lib/gcc/arm-none-eabi/13.3.1/thumb/v7-m/nofp/crtbegin.o
                [!provide]                        PROVIDE (__fini_array_end = .)
                0x0800712c                        . = ALIGN (0x4)
                0x0800712c                        _sidata = LOADADDR (.data)

.data           0x20000000       0x60 load address 0x0800712c
                0x20000000                        . = ALIGN (0x4)
                0x20000000                        _sdata = .
 *(.data)
 *(.data*)
 .data.OctaveFour
                0x20000000       0x1c ./Core/Src/main.o
                0x20000000                OctaveFour
 .data.RightPassword
                0x2000001c       0x18 ./Core/Src/main.o
                0x2000001c                RightPassword
 .data.c        0x20000034        0x4 ./Core/Src/main.o
                0x20000034                c
 .data.masterCard
                0x20000038        0x4 ./Core/Src/main.o
 .data.slaveCards
                0x2000003c       0x14 ./Core/Src/main.o
 .data.numSlaveCards
                0x20000050        0x1 ./Core/Src/main.o
 *fill*         0x20000051        0x3 
 .data.SystemCoreClock
                0x20000054        0x4 ./Core/Src/system_stm32f1xx.o
                0x20000054                SystemCoreClock
 .data.uwTickPrio
                0x20000058        0x4 ./Drivers/STM32F1xx_HAL_Driver/Src/stm32f1xx_hal.o
                0x20000058                uwTickPrio
 .data.uwTickFreq
                0x2000005c        0x1 ./Drivers/STM32F1xx_HAL_Driver/Src/stm32f1xx_hal.o
                0x2000005c                uwTickFreq
 *(.RamFunc)
 *(.RamFunc*)
                0x20000060                        . = ALIGN (0x4)
 *fill*         0x2000005d        0x3 
                0x20000060                        _edata = .

.igot.plt       0x20000060        0x0 load address 0x0800718c
 .igot.plt      0x20000060        0x0 C:/ST/STM32CubeIDE_1.18.1/STM32CubeIDE/plugins/com.st.stm32cube.ide.mcu.externaltools.gnu-tools-for-stm32.13.3.rel1.win32_1.0.0.202411081344/tools/bin/../lib/gcc/arm-none-eabi/13.3.1/thumb/v7-m/nofp/crtbegin.o
                0x20000060                        . = ALIGN (0x4)

.bss            0x20000060      0x1b0 load address 0x0800718c
                0x20000060                        _sbss = .
                0x20000060                        __bss_start__ = _sbss
 *(.bss)
 .bss           0x20000060       0x1c C:/ST/STM32CubeIDE_1.18.1/STM32CubeIDE/plugins/com.st.stm32cube.ide.mcu.externaltools.gnu-tools-for-stm32.13.3.rel1.win32_1.0.0.202411081344/tools/bin/../lib/gcc/arm-none-eabi/13.3.1/thumb/v7-m/nofp/crtbegin.o
 *(.bss*)
 .bss.I2C_LCD_InfoParam_g
                0x2000007c        0x2 ./Core/Src/I2C_LCD.o
 *fill*         0x2000007e        0x2 
 .bss.gs_KEYPAD_info
                0x20000080        0x4 ./Core/Src/KEYPAD.o
 .bss.gs_SERVO_info
                0x20000084        0x4 ./Core/Src/SERVO.o
 .bss.hi2c1     0x20000088       0x54 ./Core/Src/main.o
                0x20000088                hi2c1
 .bss.hspi2     0x200000dc       0x58 ./Core/Src/main.o
                0x200000dc                hspi2
 .bss.htim1     0x20000134       0x48 ./Core/Src/main.o
                0x20000134                htim1
 .bss.htim2     0x2000017c       0x48 ./Core/Src/main.o
                0x2000017c                htim2
 .bss.NoteIndex
                0x200001c4        0x1 ./Core/Src/main.o
                0x200001c4                NoteIndex
 *fill*         0x200001c5        0x3 
 .bss.gu8_KeyStatesArr
                0x200001c8       0x10 ./Core/Src/main.o
                0x200001c8                gu8_KeyStatesArr
 .bss.Password  0x200001d8       0x18 ./Core/Src/main.o
                0x200001d8                Password
 .bss.i         0x200001f0        0x4 ./Core/Src/main.o
                0x200001f0                i
 .bss.k         0x200001f4        0x4 ./Core/Src/main.o
                0x200001f4                k
 .bss.a         0x200001f8        0x4 ./Core/Src/main.o
                0x200001f8                a
 .bss.d         0x200001fc        0x4 ./Core/Src/main.o
                0x200001fc                d
 .bss.b         0x20000200        0x4 ./Core/Src/main.o
                0x20000200                b
 .bss.addCardMode
                0x20000204        0x1 ./Core/Src/main.o
 .bss.masterAuthenticated
                0x20000205        0x1 ./Core/Src/main.o
 *fill*         0x20000206        0x2 
 .bss.ptr       0x20000208        0x4 ./Core/Src/uart.o
                0x20000208                ptr
 .bss.uwTick    0x2000020c        0x4 ./Drivers/STM32F1xx_HAL_Driver/Src/stm32f1xx_hal.o
                0x2000020c                uwTick
 *(COMMON)
                0x20000210                        . = ALIGN (0x4)
                0x20000210                        _ebss = .
                0x20000210                        __bss_end__ = _ebss

._user_heap_stack
                0x20000210      0x600 load address 0x0800718c
                0x20000210                        . = ALIGN (0x8)
                [!provide]                        PROVIDE (end = .)
                0x20000210                        PROVIDE (_end = .)
                0x20000410                        . = (. + _Min_Heap_Size)
 *fill*         0x20000210      0x200 
                0x20000810                        . = (. + _Min_Stack_Size)
 *fill*         0x20000410      0x400 
                0x20000810                        . = ALIGN (0x8)

/DISCARD/
 libc.a(*)
 libm.a(*)
 libgcc.a(*)

.ARM.attributes
                0x00000000       0x29
 *(.ARM.attributes)
 .ARM.attributes
                0x00000000       0x1d C:/ST/STM32CubeIDE_1.18.1/STM32CubeIDE/plugins/com.st.stm32cube.ide.mcu.externaltools.gnu-tools-for-stm32.13.3.rel1.win32_1.0.0.202411081344/tools/bin/../lib/gcc/arm-none-eabi/13.3.1/thumb/v7-m/nofp/crti.o
 .ARM.attributes
                0x0000001d       0x2d C:/ST/STM32CubeIDE_1.18.1/STM32CubeIDE/plugins/com.st.stm32cube.ide.mcu.externaltools.gnu-tools-for-stm32.13.3.rel1.win32_1.0.0.202411081344/tools/bin/../lib/gcc/arm-none-eabi/13.3.1/thumb/v7-m/nofp/crtbegin.o
 .ARM.attributes
                0x0000004a       0x2d ./Core/Src/DWT_Delay.o
 .ARM.attributes
                0x00000077       0x2d ./Core/Src/I2C_LCD.o
 .ARM.attributes
                0x000000a4       0x2d ./Core/Src/I2C_LCD_cfg.o
 .ARM.attributes
                0x000000d1       0x2d ./Core/Src/KEYPAD.o
 .ARM.attributes
                0x000000fe       0x2d ./Core/Src/KEYPAD_cfg.o
 .ARM.attributes
                0x0000012b       0x2d ./Core/Src/SERVO.o
 .ARM.attributes
                0x00000158       0x2d ./Core/Src/SERVO_cfg.o
 .ARM.attributes
                0x00000185       0x2d ./Core/Src/main.o
 .ARM.attributes
                0x000001b2       0x2d ./Core/Src/rc522.o
 .ARM.attributes
                0x000001df       0x2d ./Core/Src/stm32f1xx_hal_msp.o
 .ARM.attributes
                0x0000020c       0x2d ./Core/Src/stm32f1xx_it.o
 .ARM.attributes
                0x00000239       0x2d ./Core/Src/system_stm32f1xx.o
 .ARM.attributes
                0x00000266       0x2d ./Core/Src/uart.o
 .ARM.attributes
                0x00000293       0x21 ./Core/Startup/startup_stm32f103c8tx.o
 .ARM.attributes
                0x000002b4       0x2d ./Drivers/STM32F1xx_HAL_Driver/Src/stm32f1xx_hal.o
 .ARM.attributes
                0x000002e1       0x2d ./Drivers/STM32F1xx_HAL_Driver/Src/stm32f1xx_hal_cortex.o
 .ARM.attributes
                0x0000030e       0x2d ./Drivers/STM32F1xx_HAL_Driver/Src/stm32f1xx_hal_gpio.o
 .ARM.attributes
                0x0000033b       0x2d ./Drivers/STM32F1xx_HAL_Driver/Src/stm32f1xx_hal_i2c.o
 .ARM.attributes
                0x00000368       0x2d ./Drivers/STM32F1xx_HAL_Driver/Src/stm32f1xx_hal_rcc.o
 .ARM.attributes
                0x00000395       0x2d ./Drivers/STM32F1xx_HAL_Driver/Src/stm32f1xx_hal_spi.o
 .ARM.attributes
                0x000003c2       0x2d ./Drivers/STM32F1xx_HAL_Driver/Src/stm32f1xx_hal_tim.o
 .ARM.attributes
                0x000003ef       0x2d ./Drivers/STM32F1xx_HAL_Driver/Src/stm32f1xx_hal_tim_ex.o
 .ARM.attributes
                0x0000041c       0x2d C:/ST/STM32CubeIDE_1.18.1/STM32CubeIDE/plugins/com.st.stm32cube.ide.mcu.externaltools.gnu-tools-for-stm32.13.3.rel1.win32_1.0.0.202411081344/tools/bin/../lib/gcc/arm-none-eabi/13.3.1/../../../../arm-none-eabi/lib/thumb/v7-m/nofp\libc_nano.a(libc_a-memset.o)
 .ARM.attributes
                0x00000449       0x2d C:/ST/STM32CubeIDE_1.18.1/STM32CubeIDE/plugins/com.st.stm32cube.ide.mcu.externaltools.gnu-tools-for-stm32.13.3.rel1.win32_1.0.0.202411081344/tools/bin/../lib/gcc/arm-none-eabi/13.3.1/../../../../arm-none-eabi/lib/thumb/v7-m/nofp\libc_nano.a(libc_a-init.o)
 .ARM.attributes
                0x00000476       0x1d C:/ST/STM32CubeIDE_1.18.1/STM32CubeIDE/plugins/com.st.stm32cube.ide.mcu.externaltools.gnu-tools-for-stm32.13.3.rel1.win32_1.0.0.202411081344/tools/bin/../lib/gcc/arm-none-eabi/13.3.1/thumb/v7-m/nofp\libgcc.a(_arm_mulsf3.o)
 .ARM.attributes
                0x00000493       0x1d C:/ST/STM32CubeIDE_1.18.1/STM32CubeIDE/plugins/com.st.stm32cube.ide.mcu.externaltools.gnu-tools-for-stm32.13.3.rel1.win32_1.0.0.202411081344/tools/bin/../lib/gcc/arm-none-eabi/13.3.1/thumb/v7-m/nofp\libgcc.a(_arm_addsubdf3.o)
 .ARM.attributes
                0x000004b0       0x1d C:/ST/STM32CubeIDE_1.18.1/STM32CubeIDE/plugins/com.st.stm32cube.ide.mcu.externaltools.gnu-tools-for-stm32.13.3.rel1.win32_1.0.0.202411081344/tools/bin/../lib/gcc/arm-none-eabi/13.3.1/thumb/v7-m/nofp\libgcc.a(_arm_muldivdf3.o)
 .ARM.attributes
                0x000004cd       0x1d C:/ST/STM32CubeIDE_1.18.1/STM32CubeIDE/plugins/com.st.stm32cube.ide.mcu.externaltools.gnu-tools-for-stm32.13.3.rel1.win32_1.0.0.202411081344/tools/bin/../lib/gcc/arm-none-eabi/13.3.1/thumb/v7-m/nofp\libgcc.a(_arm_fixunsdfsi.o)
 .ARM.attributes
                0x000004ea       0x1d C:/ST/STM32CubeIDE_1.18.1/STM32CubeIDE/plugins/com.st.stm32cube.ide.mcu.externaltools.gnu-tools-for-stm32.13.3.rel1.win32_1.0.0.202411081344/tools/bin/../lib/gcc/arm-none-eabi/13.3.1/thumb/v7-m/nofp\libgcc.a(_arm_addsubsf3.o)
 .ARM.attributes
                0x00000507       0x1d C:/ST/STM32CubeIDE_1.18.1/STM32CubeIDE/plugins/com.st.stm32cube.ide.mcu.externaltools.gnu-tools-for-stm32.13.3.rel1.win32_1.0.0.202411081344/tools/bin/../lib/gcc/arm-none-eabi/13.3.1/thumb/v7-m/nofp/crtn.o
OUTPUT(RFID.elf elf32-littlearm)
LOAD linker stubs
LOAD C:/ST/STM32CubeIDE_1.18.1/STM32CubeIDE/plugins/com.st.stm32cube.ide.mcu.externaltools.gnu-tools-for-stm32.13.3.rel1.win32_1.0.0.202411081344/tools/bin/../lib/gcc/arm-none-eabi/13.3.1/../../../../arm-none-eabi/lib/thumb/v7-m/nofp\libc.a
LOAD C:/ST/STM32CubeIDE_1.18.1/STM32CubeIDE/plugins/com.st.stm32cube.ide.mcu.externaltools.gnu-tools-for-stm32.13.3.rel1.win32_1.0.0.202411081344/tools/bin/../lib/gcc/arm-none-eabi/13.3.1/../../../../arm-none-eabi/lib/thumb/v7-m/nofp\libm.a
LOAD C:/ST/STM32CubeIDE_1.18.1/STM32CubeIDE/plugins/com.st.stm32cube.ide.mcu.externaltools.gnu-tools-for-stm32.13.3.rel1.win32_1.0.0.202411081344/tools/bin/../lib/gcc/arm-none-eabi/13.3.1/thumb/v7-m/nofp\libgcc.a

.debug_info     0x00000000    0x10023
 .debug_info    0x00000000      0x22c ./Core/Src/DWT_Delay.o
 .debug_info    0x0000022c      0xd15 ./Core/Src/I2C_LCD.o
 .debug_info    0x00000f41      0x5fe ./Core/Src/I2C_LCD_cfg.o
 .debug_info    0x0000153f      0x510 ./Core/Src/KEYPAD.o
 .debug_info    0x00001a4f      0x1a5 ./Core/Src/KEYPAD_cfg.o
 .debug_info    0x00001bf4      0xea7 ./Core/Src/SERVO.o
 .debug_info    0x00002a9b      0x2cd ./Core/Src/SERVO_cfg.o
 .debug_info    0x00002d68     0x1804 ./Core/Src/main.o
 .debug_info    0x0000456c      0xbc4 ./Core/Src/rc522.o
 .debug_info    0x00005130      0xf8e ./Core/Src/stm32f1xx_hal_msp.o
 .debug_info    0x000060be      0x113 ./Core/Src/stm32f1xx_it.o
 .debug_info    0x000061d1      0x222 ./Core/Src/system_stm32f1xx.o
 .debug_info    0x000063f3      0x5b0 ./Core/Src/uart.o
 .debug_info    0x000069a3       0x30 ./Core/Startup/startup_stm32f103c8tx.o
 .debug_info    0x000069d3      0x704 ./Drivers/STM32F1xx_HAL_Driver/Src/stm32f1xx_hal.o
 .debug_info    0x000070d7      0xa87 ./Drivers/STM32F1xx_HAL_Driver/Src/stm32f1xx_hal_cortex.o
 .debug_info    0x00007b5e      0x5ab ./Drivers/STM32F1xx_HAL_Driver/Src/stm32f1xx_hal_gpio.o
 .debug_info    0x00008109     0x2524 ./Drivers/STM32F1xx_HAL_Driver/Src/stm32f1xx_hal_i2c.o
 .debug_info    0x0000a62d      0x7d5 ./Drivers/STM32F1xx_HAL_Driver/Src/stm32f1xx_hal_rcc.o
 .debug_info    0x0000ae02     0x142d ./Drivers/STM32F1xx_HAL_Driver/Src/stm32f1xx_hal_spi.o
 .debug_info    0x0000c22f     0x2959 ./Drivers/STM32F1xx_HAL_Driver/Src/stm32f1xx_hal_tim.o
 .debug_info    0x0000eb88     0x149b ./Drivers/STM32F1xx_HAL_Driver/Src/stm32f1xx_hal_tim_ex.o

.debug_abbrev   0x00000000     0x2977
 .debug_abbrev  0x00000000       0xab ./Core/Src/DWT_Delay.o
 .debug_abbrev  0x000000ab      0x1fa ./Core/Src/I2C_LCD.o
 .debug_abbrev  0x000002a5      0x133 ./Core/Src/I2C_LCD_cfg.o
 .debug_abbrev  0x000003d8      0x1c1 ./Core/Src/KEYPAD.o
 .debug_abbrev  0x00000599       0xd9 ./Core/Src/KEYPAD_cfg.o
 .debug_abbrev  0x00000672      0x25e ./Core/Src/SERVO.o
 .debug_abbrev  0x000008d0       0xdd ./Core/Src/SERVO_cfg.o
 .debug_abbrev  0x000009ad      0x3b7 ./Core/Src/main.o
 .debug_abbrev  0x00000d64      0x2a3 ./Core/Src/rc522.o
 .debug_abbrev  0x00001007      0x234 ./Core/Src/stm32f1xx_hal_msp.o
 .debug_abbrev  0x0000123b       0x73 ./Core/Src/stm32f1xx_it.o
 .debug_abbrev  0x000012ae      0x13f ./Core/Src/system_stm32f1xx.o
 .debug_abbrev  0x000013ed      0x1da ./Core/Src/uart.o
 .debug_abbrev  0x000015c7       0x24 ./Core/Startup/startup_stm32f103c8tx.o
 .debug_abbrev  0x000015eb      0x201 ./Drivers/STM32F1xx_HAL_Driver/Src/stm32f1xx_hal.o
 .debug_abbrev  0x000017ec      0x2f8 ./Drivers/STM32F1xx_HAL_Driver/Src/stm32f1xx_hal_cortex.o
 .debug_abbrev  0x00001ae4      0x1ca ./Drivers/STM32F1xx_HAL_Driver/Src/stm32f1xx_hal_gpio.o
 .debug_abbrev  0x00001cae      0x2a3 ./Drivers/STM32F1xx_HAL_Driver/Src/stm32f1xx_hal_i2c.o
 .debug_abbrev  0x00001f51      0x2b3 ./Drivers/STM32F1xx_HAL_Driver/Src/stm32f1xx_hal_rcc.o
 .debug_abbrev  0x00002204      0x27a ./Drivers/STM32F1xx_HAL_Driver/Src/stm32f1xx_hal_spi.o
 .debug_abbrev  0x0000247e      0x277 ./Drivers/STM32F1xx_HAL_Driver/Src/stm32f1xx_hal_tim.o
 .debug_abbrev  0x000026f5      0x282 ./Drivers/STM32F1xx_HAL_Driver/Src/stm32f1xx_hal_tim_ex.o

.debug_aranges  0x00000000     0x10c8
 .debug_aranges
                0x00000000       0x20 ./Core/Src/DWT_Delay.o
 .debug_aranges
                0x00000020       0xd8 ./Core/Src/I2C_LCD.o
 .debug_aranges
                0x000000f8       0x18 ./Core/Src/I2C_LCD_cfg.o
 .debug_aranges
                0x00000110       0x28 ./Core/Src/KEYPAD.o
 .debug_aranges
                0x00000138       0x18 ./Core/Src/KEYPAD_cfg.o
 .debug_aranges
                0x00000150       0x50 ./Core/Src/SERVO.o
 .debug_aranges
                0x000001a0       0x18 ./Core/Src/SERVO_cfg.o
 .debug_aranges
                0x000001b8       0xa8 ./Core/Src/main.o
 .debug_aranges
                0x00000260       0xa8 ./Core/Src/rc522.o
 .debug_aranges
                0x00000308       0x58 ./Core/Src/stm32f1xx_hal_msp.o
 .debug_aranges
                0x00000360       0x60 ./Core/Src/stm32f1xx_it.o
 .debug_aranges
                0x000003c0       0x28 ./Core/Src/system_stm32f1xx.o
 .debug_aranges
                0x000003e8       0x40 ./Core/Src/uart.o
 .debug_aranges
                0x00000428       0x28 ./Core/Startup/startup_stm32f103c8tx.o
 .debug_aranges
                0x00000450       0xe0 ./Drivers/STM32F1xx_HAL_Driver/Src/stm32f1xx_hal.o
 .debug_aranges
                0x00000530      0x100 ./Drivers/STM32F1xx_HAL_Driver/Src/stm32f1xx_hal_cortex.o
 .debug_aranges
                0x00000630       0x58 ./Drivers/STM32F1xx_HAL_Driver/Src/stm32f1xx_hal_gpio.o
 .debug_aranges
                0x00000688      0x2a8 ./Drivers/STM32F1xx_HAL_Driver/Src/stm32f1xx_hal_i2c.o
 .debug_aranges
                0x00000930       0x90 ./Drivers/STM32F1xx_HAL_Driver/Src/stm32f1xx_hal_rcc.o
 .debug_aranges
                0x000009c0      0x1d0 ./Drivers/STM32F1xx_HAL_Driver/Src/stm32f1xx_hal_spi.o
 .debug_aranges
                0x00000b90      0x3d0 ./Drivers/STM32F1xx_HAL_Driver/Src/stm32f1xx_hal_tim.o
 .debug_aranges
                0x00000f60      0x168 ./Drivers/STM32F1xx_HAL_Driver/Src/stm32f1xx_hal_tim_ex.o

.debug_rnglists
                0x00000000      0xcdb
 .debug_rnglists
                0x00000000       0x13 ./Core/Src/DWT_Delay.o
 .debug_rnglists
                0x00000013       0xa0 ./Core/Src/I2C_LCD.o
 .debug_rnglists
                0x000000b3       0x1b ./Core/Src/KEYPAD.o
 .debug_rnglists
                0x000000ce       0x39 ./Core/Src/SERVO.o
 .debug_rnglists
                0x00000107       0x83 ./Core/Src/main.o
 .debug_rnglists
                0x0000018a       0x7e ./Core/Src/rc522.o
 .debug_rnglists
                0x00000208       0x3f ./Core/Src/stm32f1xx_hal_msp.o
 .debug_rnglists
                0x00000247       0x43 ./Core/Src/stm32f1xx_it.o
 .debug_rnglists
                0x0000028a       0x1a ./Core/Src/system_stm32f1xx.o
 .debug_rnglists
                0x000002a4       0x2c ./Core/Src/uart.o
 .debug_rnglists
                0x000002d0       0x19 ./Core/Startup/startup_stm32f103c8tx.o
 .debug_rnglists
                0x000002e9       0xa3 ./Drivers/STM32F1xx_HAL_Driver/Src/stm32f1xx_hal.o
 .debug_rnglists
                0x0000038c       0xbb ./Drivers/STM32F1xx_HAL_Driver/Src/stm32f1xx_hal_cortex.o
 .debug_rnglists
                0x00000447       0x3f ./Drivers/STM32F1xx_HAL_Driver/Src/stm32f1xx_hal_gpio.o
 .debug_rnglists
                0x00000486      0x23c ./Drivers/STM32F1xx_HAL_Driver/Src/stm32f1xx_hal_i2c.o
 .debug_rnglists
                0x000006c2       0x6c ./Drivers/STM32F1xx_HAL_Driver/Src/stm32f1xx_hal_rcc.o
 .debug_rnglists
                0x0000072e      0x16e ./Drivers/STM32F1xx_HAL_Driver/Src/stm32f1xx_hal_spi.o
 .debug_rnglists
                0x0000089c      0x31a ./Drivers/STM32F1xx_HAL_Driver/Src/stm32f1xx_hal_tim.o
 .debug_rnglists
                0x00000bb6      0x125 ./Drivers/STM32F1xx_HAL_Driver/Src/stm32f1xx_hal_tim_ex.o

.debug_macro    0x00000000    0x18c9d
 .debug_macro   0x00000000      0x1b7 ./Core/Src/DWT_Delay.o
 .debug_macro   0x000001b7      0xacc ./Core/Src/DWT_Delay.o
 .debug_macro   0x00000c83      0x221 ./Core/Src/DWT_Delay.o
 .debug_macro   0x00000ea4       0x2e ./Core/Src/DWT_Delay.o
 .debug_macro   0x00000ed2       0x22 ./Core/Src/DWT_Delay.o
 .debug_macro   0x00000ef4       0x22 ./Core/Src/DWT_Delay.o
 .debug_macro   0x00000f16       0x8e ./Core/Src/DWT_Delay.o
 .debug_macro   0x00000fa4       0x51 ./Core/Src/DWT_Delay.o
 .debug_macro   0x00000ff5      0x103 ./Core/Src/DWT_Delay.o
 .debug_macro   0x000010f8       0x6a ./Core/Src/DWT_Delay.o
 .debug_macro   0x00001162      0x1df ./Core/Src/DWT_Delay.o
 .debug_macro   0x00001341       0x1c ./Core/Src/DWT_Delay.o
 .debug_macro   0x0000135d       0x22 ./Core/Src/DWT_Delay.o
 .debug_macro   0x0000137f       0xbd ./Core/Src/DWT_Delay.o
 .debug_macro   0x0000143c      0xd23 ./Core/Src/DWT_Delay.o
 .debug_macro   0x0000215f     0xe09e ./Core/Src/DWT_Delay.o
 .debug_macro   0x000101fd       0x6d ./Core/Src/DWT_Delay.o
 .debug_macro   0x0001026a     0x34a2 ./Core/Src/DWT_Delay.o
 .debug_macro   0x0001370c      0x190 ./Core/Src/DWT_Delay.o
 .debug_macro   0x0001389c       0x5c ./Core/Src/DWT_Delay.o
 .debug_macro   0x000138f8      0x5bc ./Core/Src/DWT_Delay.o
 .debug_macro   0x00013eb4      0x289 ./Core/Src/DWT_Delay.o
 .debug_macro   0x0001413d      0x1cb ./Core/Src/DWT_Delay.o
 .debug_macro   0x00014308      0x114 ./Core/Src/DWT_Delay.o
 .debug_macro   0x0001441c      0x1b2 ./Core/Src/DWT_Delay.o
 .debug_macro   0x000145ce       0x27 ./Core/Src/DWT_Delay.o
 .debug_macro   0x000145f5      0x136 ./Core/Src/DWT_Delay.o
 .debug_macro   0x0001472b      0x1bc ./Core/Src/DWT_Delay.o
 .debug_macro   0x000148e7       0x34 ./Core/Src/DWT_Delay.o
 .debug_macro   0x0001491b       0x3c ./Core/Src/DWT_Delay.o
 .debug_macro   0x00014957       0x57 ./Core/Src/DWT_Delay.o
 .debug_macro   0x000149ae       0x87 ./Core/Src/DWT_Delay.o
 .debug_macro   0x00014a35      0x240 ./Core/Src/DWT_Delay.o
 .debug_macro   0x00014c75      0x287 ./Core/Src/DWT_Delay.o
 .debug_macro   0x00014efc      0x140 ./Core/Src/DWT_Delay.o
 .debug_macro   0x0001503c      0x217 ./Core/Src/DWT_Delay.o
 .debug_macro   0x00015253      0x8ed ./Core/Src/DWT_Delay.o
 .debug_macro   0x00015b40       0x83 ./Core/Src/DWT_Delay.o
 .debug_macro   0x00015bc3      0x2a3 ./Core/Src/I2C_LCD.o
 .debug_macro   0x00015e66       0x10 ./Core/Src/I2C_LCD.o
 .debug_macro   0x00015e76       0x3a ./Core/Src/I2C_LCD.o
 .debug_macro   0x00015eb0      0x1ce ./Core/Src/I2C_LCD_cfg.o
 .debug_macro   0x0001607e       0x16 ./Core/Src/I2C_LCD_cfg.o
 .debug_macro   0x00016094      0x1c9 ./Core/Src/KEYPAD.o
 .debug_macro   0x0001625d       0x10 ./Core/Src/KEYPAD.o
 .debug_macro   0x0001626d       0x28 ./Core/Src/KEYPAD.o
 .debug_macro   0x00016295      0x1bb ./Core/Src/KEYPAD_cfg.o
 .debug_macro   0x00016450      0x1d4 ./Core/Src/SERVO.o
 .debug_macro   0x00016624       0x10 ./Core/Src/SERVO.o
 .debug_macro   0x00016634      0x1bc ./Core/Src/SERVO_cfg.o
 .debug_macro   0x000167f0      0x31b ./Core/Src/main.o
 .debug_macro   0x00016b0b       0x34 ./Core/Src/main.o
 .debug_macro   0x00016b3f       0x61 ./Core/Src/main.o
 .debug_macro   0x00016ba0       0x24 ./Core/Src/main.o
 .debug_macro   0x00016bc4       0x43 ./Core/Src/main.o
 .debug_macro   0x00016c07       0x34 ./Core/Src/main.o
 .debug_macro   0x00016c3b      0x370 ./Core/Src/main.o
 .debug_macro   0x00016fab       0x16 ./Core/Src/main.o
 .debug_macro   0x00016fc1       0x4a ./Core/Src/main.o
 .debug_macro   0x0001700b       0x34 ./Core/Src/main.o
 .debug_macro   0x0001703f       0x10 ./Core/Src/main.o
 .debug_macro   0x0001704f       0x58 ./Core/Src/main.o
 .debug_macro   0x000170a7       0x8e ./Core/Src/main.o
 .debug_macro   0x00017135       0x1c ./Core/Src/main.o
 .debug_macro   0x00017151      0x185 ./Core/Src/main.o
 .debug_macro   0x000172d6       0x10 ./Core/Src/main.o
 .debug_macro   0x000172e6       0x3c ./Core/Src/main.o
 .debug_macro   0x00017322       0x20 ./Core/Src/main.o
 .debug_macro   0x00017342       0x16 ./Core/Src/main.o
 .debug_macro   0x00017358      0x23e ./Core/Src/main.o
 .debug_macro   0x00017596      0x1b6 ./Core/Src/rc522.o
 .debug_macro   0x0001774c      0x1b7 ./Core/Src/stm32f1xx_hal_msp.o
 .debug_macro   0x00017903      0x1c1 ./Core/Src/stm32f1xx_it.o
 .debug_macro   0x00017ac4      0x1ad ./Core/Src/system_stm32f1xx.o
 .debug_macro   0x00017c71      0x1bc ./Core/Src/uart.o
 .debug_macro   0x00017e2d       0x10 ./Core/Src/uart.o
 .debug_macro   0x00017e3d      0x1d1 ./Drivers/STM32F1xx_HAL_Driver/Src/stm32f1xx_hal.o
 .debug_macro   0x0001800e      0x1ad ./Drivers/STM32F1xx_HAL_Driver/Src/stm32f1xx_hal_cortex.o
 .debug_macro   0x000181bb      0x218 ./Drivers/STM32F1xx_HAL_Driver/Src/stm32f1xx_hal_gpio.o
 .debug_macro   0x000183d3      0x1fb ./Drivers/STM32F1xx_HAL_Driver/Src/stm32f1xx_hal_i2c.o
 .debug_macro   0x000185ce      0x1bf ./Drivers/STM32F1xx_HAL_Driver/Src/stm32f1xx_hal_rcc.o
 .debug_macro   0x0001878d      0x1b5 ./Drivers/STM32F1xx_HAL_Driver/Src/stm32f1xx_hal_spi.o
 .debug_macro   0x00018942      0x1ae ./Drivers/STM32F1xx_HAL_Driver/Src/stm32f1xx_hal_tim.o
 .debug_macro   0x00018af0      0x1ad ./Drivers/STM32F1xx_HAL_Driver/Src/stm32f1xx_hal_tim_ex.o

.debug_line     0x00000000    0x14e79
 .debug_line    0x00000000      0x73a ./Core/Src/DWT_Delay.o
 .debug_line    0x0000073a      0xaab ./Core/Src/I2C_LCD.o
 .debug_line    0x000011e5      0x712 ./Core/Src/I2C_LCD_cfg.o
 .debug_line    0x000018f7      0xeba ./Core/Src/KEYPAD.o
 .debug_line    0x000027b1      0x6f5 ./Core/Src/KEYPAD_cfg.o
 .debug_line    0x00002ea6      0x937 ./Core/Src/SERVO.o
 .debug_line    0x000037dd      0x6f3 ./Core/Src/SERVO_cfg.o
 .debug_line    0x00003ed0     0x102d ./Core/Src/main.o
 .debug_line    0x00004efd      0xbac ./Core/Src/rc522.o
 .debug_line    0x00005aa9      0x852 ./Core/Src/stm32f1xx_hal_msp.o
 .debug_line    0x000062fb      0x7c1 ./Core/Src/stm32f1xx_it.o
 .debug_line    0x00006abc      0x791 ./Core/Src/system_stm32f1xx.o
 .debug_line    0x0000724d      0x87e ./Core/Src/uart.o
 .debug_line    0x00007acb       0x78 ./Core/Startup/startup_stm32f103c8tx.o
 .debug_line    0x00007b43      0x9c2 ./Drivers/STM32F1xx_HAL_Driver/Src/stm32f1xx_hal.o
 .debug_line    0x00008505      0xb8c ./Drivers/STM32F1xx_HAL_Driver/Src/stm32f1xx_hal_cortex.o
 .debug_line    0x00009091      0xa1f ./Drivers/STM32F1xx_HAL_Driver/Src/stm32f1xx_hal_gpio.o
 .debug_line    0x00009ab0     0x3bbf ./Drivers/STM32F1xx_HAL_Driver/Src/stm32f1xx_hal_i2c.o
 .debug_line    0x0000d66f      0xe7b ./Drivers/STM32F1xx_HAL_Driver/Src/stm32f1xx_hal_rcc.o
 .debug_line    0x0000e4ea     0x1c59 ./Drivers/STM32F1xx_HAL_Driver/Src/stm32f1xx_hal_spi.o
 .debug_line    0x00010143     0x34b0 ./Drivers/STM32F1xx_HAL_Driver/Src/stm32f1xx_hal_tim.o
 .debug_line    0x000135f3     0x1886 ./Drivers/STM32F1xx_HAL_Driver/Src/stm32f1xx_hal_tim_ex.o

.debug_str      0x00000000    0x8cc01
 .debug_str     0x00000000    0x8cc01 ./Core/Src/DWT_Delay.o
                              0x848a8 (size before relaxing)
 .debug_str     0x0008cc01    0x85435 ./Core/Src/I2C_LCD.o
 .debug_str     0x0008cc01    0x84cd9 ./Core/Src/I2C_LCD_cfg.o
 .debug_str     0x0008cc01    0x849ca ./Core/Src/KEYPAD.o
 .debug_str     0x0008cc01    0x84868 ./Core/Src/KEYPAD_cfg.o
 .debug_str     0x0008cc01    0x8517d ./Core/Src/SERVO.o
 .debug_str     0x0008cc01    0x848a7 ./Core/Src/SERVO_cfg.o
 .debug_str     0x0008cc01    0x891f1 ./Core/Src/main.o
 .debug_str     0x0008cc01    0x85461 ./Core/Src/rc522.o
 .debug_str     0x0008cc01    0x8525f ./Core/Src/stm32f1xx_hal_msp.o
 .debug_str     0x0008cc01    0x84855 ./Core/Src/stm32f1xx_it.o
 .debug_str     0x0008cc01    0x8486b ./Core/Src/system_stm32f1xx.o
 .debug_str     0x0008cc01    0x84c00 ./Core/Src/uart.o
 .debug_str     0x0008cc01       0x67 ./Core/Startup/startup_stm32f103c8tx.o
 .debug_str     0x0008cc01    0x84f9e ./Drivers/STM32F1xx_HAL_Driver/Src/stm32f1xx_hal.o
 .debug_str     0x0008cc01    0x84eea ./Drivers/STM32F1xx_HAL_Driver/Src/stm32f1xx_hal_cortex.o
 .debug_str     0x0008cc01    0x84bf1 ./Drivers/STM32F1xx_HAL_Driver/Src/stm32f1xx_hal_gpio.o
 .debug_str     0x0008cc01    0x85932 ./Drivers/STM32F1xx_HAL_Driver/Src/stm32f1xx_hal_i2c.o
 .debug_str     0x0008cc01    0x84c9a ./Drivers/STM32F1xx_HAL_Driver/Src/stm32f1xx_hal_rcc.o
 .debug_str     0x0008cc01    0x85191 ./Drivers/STM32F1xx_HAL_Driver/Src/stm32f1xx_hal_spi.o
 .debug_str     0x0008cc01    0x85c9c ./Drivers/STM32F1xx_HAL_Driver/Src/stm32f1xx_hal_tim.o
 .debug_str     0x0008cc01    0x854a8 ./Drivers/STM32F1xx_HAL_Driver/Src/stm32f1xx_hal_tim_ex.o

.comment        0x00000000       0x43
 .comment       0x00000000       0x43 ./Core/Src/DWT_Delay.o
                                 0x44 (size before relaxing)
 .comment       0x00000043       0x44 ./Core/Src/I2C_LCD.o
 .comment       0x00000043       0x44 ./Core/Src/I2C_LCD_cfg.o
 .comment       0x00000043       0x44 ./Core/Src/KEYPAD.o
 .comment       0x00000043       0x44 ./Core/Src/KEYPAD_cfg.o
 .comment       0x00000043       0x44 ./Core/Src/SERVO.o
 .comment       0x00000043       0x44 ./Core/Src/SERVO_cfg.o
 .comment       0x00000043       0x44 ./Core/Src/main.o
 .comment       0x00000043       0x44 ./Core/Src/rc522.o
 .comment       0x00000043       0x44 ./Core/Src/stm32f1xx_hal_msp.o
 .comment       0x00000043       0x44 ./Core/Src/stm32f1xx_it.o
 .comment       0x00000043       0x44 ./Core/Src/system_stm32f1xx.o
 .comment       0x00000043       0x44 ./Core/Src/uart.o
 .comment       0x00000043       0x44 ./Drivers/STM32F1xx_HAL_Driver/Src/stm32f1xx_hal.o
 .comment       0x00000043       0x44 ./Drivers/STM32F1xx_HAL_Driver/Src/stm32f1xx_hal_cortex.o
 .comment       0x00000043       0x44 ./Drivers/STM32F1xx_HAL_Driver/Src/stm32f1xx_hal_gpio.o
 .comment       0x00000043       0x44 ./Drivers/STM32F1xx_HAL_Driver/Src/stm32f1xx_hal_i2c.o
 .comment       0x00000043       0x44 ./Drivers/STM32F1xx_HAL_Driver/Src/stm32f1xx_hal_rcc.o
 .comment       0x00000043       0x44 ./Drivers/STM32F1xx_HAL_Driver/Src/stm32f1xx_hal_spi.o
 .comment       0x00000043       0x44 ./Drivers/STM32F1xx_HAL_Driver/Src/stm32f1xx_hal_tim.o
 .comment       0x00000043       0x44 ./Drivers/STM32F1xx_HAL_Driver/Src/stm32f1xx_hal_tim_ex.o

.debug_frame    0x00000000     0x46a0
 .debug_frame   0x00000000       0x30 ./Core/Src/DWT_Delay.o
 .debug_frame   0x00000030      0x374 ./Core/Src/I2C_LCD.o
 .debug_frame   0x000003a4       0x60 ./Core/Src/KEYPAD.o
 .debug_frame   0x00000404      0x124 ./Core/Src/SERVO.o
 .debug_frame   0x00000528      0x260 ./Core/Src/main.o
 .debug_frame   0x00000788      0x288 ./Core/Src/rc522.o
 .debug_frame   0x00000a10      0x13c ./Core/Src/stm32f1xx_hal_msp.o
 .debug_frame   0x00000b4c      0x104 ./Core/Src/stm32f1xx_it.o
 .debug_frame   0x00000c50       0x58 ./Core/Src/system_stm32f1xx.o
 .debug_frame   0x00000ca8       0xc4 ./Core/Src/uart.o
 .debug_frame   0x00000d6c      0x334 ./Drivers/STM32F1xx_HAL_Driver/Src/stm32f1xx_hal.o
 .debug_frame   0x000010a0      0x428 ./Drivers/STM32F1xx_HAL_Driver/Src/stm32f1xx_hal_cortex.o
 .debug_frame   0x000014c8      0x14c ./Drivers/STM32F1xx_HAL_Driver/Src/stm32f1xx_hal_gpio.o
 .debug_frame   0x00001614      0xc84 ./Drivers/STM32F1xx_HAL_Driver/Src/stm32f1xx_hal_i2c.o
 .debug_frame   0x00002298      0x218 ./Drivers/STM32F1xx_HAL_Driver/Src/stm32f1xx_hal_rcc.o
 .debug_frame   0x000024b0      0x824 ./Drivers/STM32F1xx_HAL_Driver/Src/stm32f1xx_hal_spi.o
 .debug_frame   0x00002cd4     0x11b8 ./Drivers/STM32F1xx_HAL_Driver/Src/stm32f1xx_hal_tim.o
 .debug_frame   0x00003e8c      0x638 ./Drivers/STM32F1xx_HAL_Driver/Src/stm32f1xx_hal_tim_ex.o
 .debug_frame   0x000044c4       0x20 C:/ST/STM32CubeIDE_1.18.1/STM32CubeIDE/plugins/com.st.stm32cube.ide.mcu.externaltools.gnu-tools-for-stm32.13.3.rel1.win32_1.0.0.202411081344/tools/bin/../lib/gcc/arm-none-eabi/13.3.1/../../../../arm-none-eabi/lib/thumb/v7-m/nofp\libc_nano.a(libc_a-memset.o)
 .debug_frame   0x000044e4       0x2c C:/ST/STM32CubeIDE_1.18.1/STM32CubeIDE/plugins/com.st.stm32cube.ide.mcu.externaltools.gnu-tools-for-stm32.13.3.rel1.win32_1.0.0.202411081344/tools/bin/../lib/gcc/arm-none-eabi/13.3.1/../../../../arm-none-eabi/lib/thumb/v7-m/nofp\libc_nano.a(libc_a-init.o)
 .debug_frame   0x00004510       0x24 C:/ST/STM32CubeIDE_1.18.1/STM32CubeIDE/plugins/com.st.stm32cube.ide.mcu.externaltools.gnu-tools-for-stm32.13.3.rel1.win32_1.0.0.202411081344/tools/bin/../lib/gcc/arm-none-eabi/13.3.1/thumb/v7-m/nofp\libgcc.a(_arm_mulsf3.o)
 .debug_frame   0x00004534       0xac C:/ST/STM32CubeIDE_1.18.1/STM32CubeIDE/plugins/com.st.stm32cube.ide.mcu.externaltools.gnu-tools-for-stm32.13.3.rel1.win32_1.0.0.202411081344/tools/bin/../lib/gcc/arm-none-eabi/13.3.1/thumb/v7-m/nofp\libgcc.a(_arm_addsubdf3.o)
 .debug_frame   0x000045e0       0x50 C:/ST/STM32CubeIDE_1.18.1/STM32CubeIDE/plugins/com.st.stm32cube.ide.mcu.externaltools.gnu-tools-for-stm32.13.3.rel1.win32_1.0.0.202411081344/tools/bin/../lib/gcc/arm-none-eabi/13.3.1/thumb/v7-m/nofp\libgcc.a(_arm_muldivdf3.o)
 .debug_frame   0x00004630       0x24 C:/ST/STM32CubeIDE_1.18.1/STM32CubeIDE/plugins/com.st.stm32cube.ide.mcu.externaltools.gnu-tools-for-stm32.13.3.rel1.win32_1.0.0.202411081344/tools/bin/../lib/gcc/arm-none-eabi/13.3.1/thumb/v7-m/nofp\libgcc.a(_arm_fixunsdfsi.o)
 .debug_frame   0x00004654       0x4c C:/ST/STM32CubeIDE_1.18.1/STM32CubeIDE/plugins/com.st.stm32cube.ide.mcu.externaltools.gnu-tools-for-stm32.13.3.rel1.win32_1.0.0.202411081344/tools/bin/../lib/gcc/arm-none-eabi/13.3.1/thumb/v7-m/nofp\libgcc.a(_arm_addsubsf3.o)

.debug_line_str
                0x00000000       0x4b
 .debug_line_str
                0x00000000       0x4b ./Core/Startup/startup_stm32f103c8tx.o
